// Vitest Snapshot v1, https://vitest.dev/guide/snapshot.html

exports[`DetailTv > Should match snapshot 1`] = `
<div>
  <main>
    <section
      class="DetailLayout css-h2fa00"
    >
      <div
        class="DetailLayout__gradient"
      />
      <article
        class="DetailLayout__info"
      >
        <img
          class="DetailLayout__info__imgPoster"
          src="https://image.tmdb.org/t/p/w500//uCM7F376UCIs5y6fMg2UyVGOmfr.jpg"
        />
        <div
          class="DetailLayout__info__detailsBlock"
        >
          <h3
            class="DetailLayout__info__detailsBlock__title"
          >
            Ley y orden: Unidad de Víctimas Especiales
          </h3>
          <h6
            class="DetailLayout__detailTitle"
          >
            Sinopsis:
          </h6>
          <p
            class="DetailLayout__info__detailsBlock__overview"
          >
            ‘Ley y Orden: Unidad de Víctimas Especiales’ es una serie de televisión estadounidense grabada en Nueva York donde es también principalmente producida. Con el estilo de la original ‘Ley y Orden’ los episodios son usualmente "sacados de los titulares" o basados libremente en verdaderos asesinatos que han recibido la atención de los medios.
          </p>
        </div>
      </article>
      <div
        class="Carousel css-ftttuy"
      >
        <div
          class="swiper swiper-initialized swiper-horizontal slider"
        >
          <div
            class="swiper-wrapper"
            style="transition-duration: 0ms; transform: translate3d(NaNpx, 0px, 0px);"
          >
            <div
              class="swiper-slide swiper-slide-duplicate"
              data-swiper-slide-index="0"
            >
              <figure
                class="GenericCard css-1sbhet6"
              >
                <a
                  href="/detailTv/123787"
                >
                  <img
                    alt="imagen-picture"
                    class="GenericCard__image"
                    src="https://image.tmdb.org/t/p/w500//nljXGd8oHmY9ID0RyiQagcHq1ca.jpg"
                  />
                  <div
                    class="GenericCard__footer"
                  >
                    <p
                      class="GenericCard__footer__title"
                    >
                      Mastermind of Murder
                    </p>
                    <span
                      class="GenericCard__footer__votes"
                    >
                      7.8
                      /10
                    </span>
                  </div>
                </a>
              </figure>
            </div>
            <div
              class="swiper-slide swiper-slide-duplicate"
              data-swiper-slide-index="1"
            >
              <figure
                class="GenericCard css-1sbhet6"
              >
                <a
                  href="/detailTv/1620"
                >
                  <img
                    alt="imagen-picture"
                    class="GenericCard__image"
                    src="https://image.tmdb.org/t/p/w500//pNW64pjaHvf6purNaFhq4SHYRfl.jpg"
                  />
                  <div
                    class="GenericCard__footer"
                  >
                    <p
                      class="GenericCard__footer__title"
                    >
                      CSI: Miami
                    </p>
                    <span
                      class="GenericCard__footer__votes"
                    >
                      7.758
                      /10
                    </span>
                  </div>
                </a>
              </figure>
            </div>
            <div
              class="swiper-slide swiper-slide-duplicate"
              data-swiper-slide-index="2"
            >
              <figure
                class="GenericCard css-1sbhet6"
              >
                <a
                  href="/detailTv/59791"
                >
                  <img
                    alt="imagen-picture"
                    class="GenericCard__image"
                    src="https://image.tmdb.org/t/p/w500//sbhseFi3zoa3CSuoCYqRmGGpXGu.jpg"
                  />
                  <div
                    class="GenericCard__footer"
                  >
                    <p
                      class="GenericCard__footer__title"
                    >
                      ジョーカー 許されざる捜査官
                    </p>
                    <span
                      class="GenericCard__footer__votes"
                    >
                      7
                      /10
                    </span>
                  </div>
                </a>
              </figure>
            </div>
            <div
              class="swiper-slide swiper-slide-duplicate"
              data-swiper-slide-index="3"
            >
              <figure
                class="GenericCard css-1sbhet6"
              >
                <a
                  href="/detailTv/1431"
                >
                  <img
                    alt="imagen-picture"
                    class="GenericCard__image"
                    src="https://image.tmdb.org/t/p/w500//i5hmoRjHNWady4AtAGICTUXknKH.jpg"
                  />
                  <div
                    class="GenericCard__footer"
                  >
                    <p
                      class="GenericCard__footer__title"
                    >
                      CSI: Las Vegas
                    </p>
                    <span
                      class="GenericCard__footer__votes"
                    >
                      7.664
                      /10
                    </span>
                  </div>
                </a>
              </figure>
            </div>
            <div
              class="swiper-slide swiper-slide-duplicate"
              data-swiper-slide-index="4"
            >
              <figure
                class="GenericCard css-1sbhet6"
              >
                <a
                  href="/detailTv/1432"
                >
                  <img
                    alt="imagen-picture"
                    class="GenericCard__image"
                    src="https://image.tmdb.org/t/p/w500//vOdJETEueGgUqJR4UvwTdUoJhvO.jpg"
                  />
                  <div
                    class="GenericCard__footer"
                  >
                    <p
                      class="GenericCard__footer__title"
                    >
                      Veronica Mars
                    </p>
                    <span
                      class="GenericCard__footer__votes"
                    >
                      7.82
                      /10
                    </span>
                  </div>
                </a>
              </figure>
            </div>
            <div
              class="swiper-slide swiper-slide-duplicate"
              data-swiper-slide-index="5"
            >
              <figure
                class="GenericCard css-1sbhet6"
              >
                <a
                  href="/detailTv/1447"
                >
                  <img
                    alt="imagen-picture"
                    class="GenericCard__image"
                    src="https://image.tmdb.org/t/p/w500//fDI15gTVbtW5Sbv5QenqecRxWKJ.jpg"
                  />
                  <div
                    class="GenericCard__footer"
                  >
                    <p
                      class="GenericCard__footer__title"
                    >
                      Psych
                    </p>
                    <span
                      class="GenericCard__footer__votes"
                    >
                      7.874
                      /10
                    </span>
                  </div>
                </a>
              </figure>
            </div>
            <div
              class="swiper-slide swiper-slide-duplicate"
              data-swiper-slide-index="6"
            >
              <figure
                class="GenericCard css-1sbhet6"
              >
                <a
                  href="/detailTv/484"
                >
                  <img
                    alt="imagen-picture"
                    class="GenericCard__image"
                    src="https://image.tmdb.org/t/p/w500//aZ6ONRcxyJytwTnP1YQuMvW7uYJ.jpg"
                  />
                  <div
                    class="GenericCard__footer"
                  >
                    <p
                      class="GenericCard__footer__title"
                    >
                      Se ha escrito un crimen
                    </p>
                    <span
                      class="GenericCard__footer__votes"
                    >
                      7.581
                      /10
                    </span>
                  </div>
                </a>
              </figure>
            </div>
            <div
              class="swiper-slide"
              data-swiper-slide-index="0"
            >
              <figure
                class="GenericCard css-1sbhet6"
              >
                <a
                  href="/detailTv/123787"
                >
                  <img
                    alt="imagen-picture"
                    class="GenericCard__image"
                    src="https://image.tmdb.org/t/p/w500//nljXGd8oHmY9ID0RyiQagcHq1ca.jpg"
                  />
                  <div
                    class="GenericCard__footer"
                  >
                    <p
                      class="GenericCard__footer__title"
                    >
                      Mastermind of Murder
                    </p>
                    <span
                      class="GenericCard__footer__votes"
                    >
                      7.8
                      /10
                    </span>
                  </div>
                </a>
              </figure>
            </div>
            <div
              class="swiper-slide"
              data-swiper-slide-index="1"
            >
              <figure
                class="GenericCard css-1sbhet6"
              >
                <a
                  href="/detailTv/1620"
                >
                  <img
                    alt="imagen-picture"
                    class="GenericCard__image"
                    src="https://image.tmdb.org/t/p/w500//pNW64pjaHvf6purNaFhq4SHYRfl.jpg"
                  />
                  <div
                    class="GenericCard__footer"
                  >
                    <p
                      class="GenericCard__footer__title"
                    >
                      CSI: Miami
                    </p>
                    <span
                      class="GenericCard__footer__votes"
                    >
                      7.758
                      /10
                    </span>
                  </div>
                </a>
              </figure>
            </div>
            <div
              class="swiper-slide"
              data-swiper-slide-index="2"
            >
              <figure
                class="GenericCard css-1sbhet6"
              >
                <a
                  href="/detailTv/59791"
                >
                  <img
                    alt="imagen-picture"
                    class="GenericCard__image"
                    src="https://image.tmdb.org/t/p/w500//sbhseFi3zoa3CSuoCYqRmGGpXGu.jpg"
                  />
                  <div
                    class="GenericCard__footer"
                  >
                    <p
                      class="GenericCard__footer__title"
                    >
                      ジョーカー 許されざる捜査官
                    </p>
                    <span
                      class="GenericCard__footer__votes"
                    >
                      7
                      /10
                    </span>
                  </div>
                </a>
              </figure>
            </div>
            <div
              class="swiper-slide"
              data-swiper-slide-index="3"
            >
              <figure
                class="GenericCard css-1sbhet6"
              >
                <a
                  href="/detailTv/1431"
                >
                  <img
                    alt="imagen-picture"
                    class="GenericCard__image"
                    src="https://image.tmdb.org/t/p/w500//i5hmoRjHNWady4AtAGICTUXknKH.jpg"
                  />
                  <div
                    class="GenericCard__footer"
                  >
                    <p
                      class="GenericCard__footer__title"
                    >
                      CSI: Las Vegas
                    </p>
                    <span
                      class="GenericCard__footer__votes"
                    >
                      7.664
                      /10
                    </span>
                  </div>
                </a>
              </figure>
            </div>
            <div
              class="swiper-slide"
              data-swiper-slide-index="4"
            >
              <figure
                class="GenericCard css-1sbhet6"
              >
                <a
                  href="/detailTv/1432"
                >
                  <img
                    alt="imagen-picture"
                    class="GenericCard__image"
                    src="https://image.tmdb.org/t/p/w500//vOdJETEueGgUqJR4UvwTdUoJhvO.jpg"
                  />
                  <div
                    class="GenericCard__footer"
                  >
                    <p
                      class="GenericCard__footer__title"
                    >
                      Veronica Mars
                    </p>
                    <span
                      class="GenericCard__footer__votes"
                    >
                      7.82
                      /10
                    </span>
                  </div>
                </a>
              </figure>
            </div>
            <div
              class="swiper-slide"
              data-swiper-slide-index="5"
            >
              <figure
                class="GenericCard css-1sbhet6"
              >
                <a
                  href="/detailTv/1447"
                >
                  <img
                    alt="imagen-picture"
                    class="GenericCard__image"
                    src="https://image.tmdb.org/t/p/w500//fDI15gTVbtW5Sbv5QenqecRxWKJ.jpg"
                  />
                  <div
                    class="GenericCard__footer"
                  >
                    <p
                      class="GenericCard__footer__title"
                    >
                      Psych
                    </p>
                    <span
                      class="GenericCard__footer__votes"
                    >
                      7.874
                      /10
                    </span>
                  </div>
                </a>
              </figure>
            </div>
            <div
              class="swiper-slide"
              data-swiper-slide-index="6"
            >
              <figure
                class="GenericCard css-1sbhet6"
              >
                <a
                  href="/detailTv/484"
                >
                  <img
                    alt="imagen-picture"
                    class="GenericCard__image"
                    src="https://image.tmdb.org/t/p/w500//aZ6ONRcxyJytwTnP1YQuMvW7uYJ.jpg"
                  />
                  <div
                    class="GenericCard__footer"
                  >
                    <p
                      class="GenericCard__footer__title"
                    >
                      Se ha escrito un crimen
                    </p>
                    <span
                      class="GenericCard__footer__votes"
                    >
                      7.581
                      /10
                    </span>
                  </div>
                </a>
              </figure>
            </div>
            <div
              class="swiper-slide swiper-slide-duplicate"
              data-swiper-slide-index="0"
            >
              <figure
                class="GenericCard css-1sbhet6"
              >
                <a
                  href="/detailTv/123787"
                >
                  <img
                    alt="imagen-picture"
                    class="GenericCard__image"
                    src="https://image.tmdb.org/t/p/w500//nljXGd8oHmY9ID0RyiQagcHq1ca.jpg"
                  />
                  <div
                    class="GenericCard__footer"
                  >
                    <p
                      class="GenericCard__footer__title"
                    >
                      Mastermind of Murder
                    </p>
                    <span
                      class="GenericCard__footer__votes"
                    >
                      7.8
                      /10
                    </span>
                  </div>
                </a>
              </figure>
            </div>
            <div
              class="swiper-slide swiper-slide-duplicate"
              data-swiper-slide-index="1"
            >
              <figure
                class="GenericCard css-1sbhet6"
              >
                <a
                  href="/detailTv/1620"
                >
                  <img
                    alt="imagen-picture"
                    class="GenericCard__image"
                    src="https://image.tmdb.org/t/p/w500//pNW64pjaHvf6purNaFhq4SHYRfl.jpg"
                  />
                  <div
                    class="GenericCard__footer"
                  >
                    <p
                      class="GenericCard__footer__title"
                    >
                      CSI: Miami
                    </p>
                    <span
                      class="GenericCard__footer__votes"
                    >
                      7.758
                      /10
                    </span>
                  </div>
                </a>
              </figure>
            </div>
            <div
              class="swiper-slide swiper-slide-duplicate"
              data-swiper-slide-index="2"
            >
              <figure
                class="GenericCard css-1sbhet6"
              >
                <a
                  href="/detailTv/59791"
                >
                  <img
                    alt="imagen-picture"
                    class="GenericCard__image"
                    src="https://image.tmdb.org/t/p/w500//sbhseFi3zoa3CSuoCYqRmGGpXGu.jpg"
                  />
                  <div
                    class="GenericCard__footer"
                  >
                    <p
                      class="GenericCard__footer__title"
                    >
                      ジョーカー 許されざる捜査官
                    </p>
                    <span
                      class="GenericCard__footer__votes"
                    >
                      7
                      /10
                    </span>
                  </div>
                </a>
              </figure>
            </div>
            <div
              class="swiper-slide swiper-slide-duplicate"
              data-swiper-slide-index="3"
            >
              <figure
                class="GenericCard css-1sbhet6"
              >
                <a
                  href="/detailTv/1431"
                >
                  <img
                    alt="imagen-picture"
                    class="GenericCard__image"
                    src="https://image.tmdb.org/t/p/w500//i5hmoRjHNWady4AtAGICTUXknKH.jpg"
                  />
                  <div
                    class="GenericCard__footer"
                  >
                    <p
                      class="GenericCard__footer__title"
                    >
                      CSI: Las Vegas
                    </p>
                    <span
                      class="GenericCard__footer__votes"
                    >
                      7.664
                      /10
                    </span>
                  </div>
                </a>
              </figure>
            </div>
            <div
              class="swiper-slide swiper-slide-duplicate"
              data-swiper-slide-index="4"
            >
              <figure
                class="GenericCard css-1sbhet6"
              >
                <a
                  href="/detailTv/1432"
                >
                  <img
                    alt="imagen-picture"
                    class="GenericCard__image"
                    src="https://image.tmdb.org/t/p/w500//vOdJETEueGgUqJR4UvwTdUoJhvO.jpg"
                  />
                  <div
                    class="GenericCard__footer"
                  >
                    <p
                      class="GenericCard__footer__title"
                    >
                      Veronica Mars
                    </p>
                    <span
                      class="GenericCard__footer__votes"
                    >
                      7.82
                      /10
                    </span>
                  </div>
                </a>
              </figure>
            </div>
            <div
              class="swiper-slide swiper-slide-duplicate"
              data-swiper-slide-index="5"
            >
              <figure
                class="GenericCard css-1sbhet6"
              >
                <a
                  href="/detailTv/1447"
                >
                  <img
                    alt="imagen-picture"
                    class="GenericCard__image"
                    src="https://image.tmdb.org/t/p/w500//fDI15gTVbtW5Sbv5QenqecRxWKJ.jpg"
                  />
                  <div
                    class="GenericCard__footer"
                  >
                    <p
                      class="GenericCard__footer__title"
                    >
                      Psych
                    </p>
                    <span
                      class="GenericCard__footer__votes"
                    >
                      7.874
                      /10
                    </span>
                  </div>
                </a>
              </figure>
            </div>
            <div
              class="swiper-slide swiper-slide-duplicate"
              data-swiper-slide-index="6"
            >
              <figure
                class="GenericCard css-1sbhet6"
              >
                <a
                  href="/detailTv/484"
                >
                  <img
                    alt="imagen-picture"
                    class="GenericCard__image"
                    src="https://image.tmdb.org/t/p/w500//aZ6ONRcxyJytwTnP1YQuMvW7uYJ.jpg"
                  />
                  <div
                    class="GenericCard__footer"
                  >
                    <p
                      class="GenericCard__footer__title"
                    >
                      Se ha escrito un crimen
                    </p>
                    <span
                      class="GenericCard__footer__votes"
                    >
                      7.581
                      /10
                    </span>
                  </div>
                </a>
              </figure>
            </div>
          </div>
        </div>
      </div>
    </section>
  </main>
</div>
`;
